// Jest Snapshot v1, https://goo.gl/fbAQLP

exports[`should render ExpensesSummary correctly 1`] = `
<p>
  Viewing 
   
  expenses
   totalling 
  $0.00
</p>
`;
