// Jest Snapshot v1, https://goo.gl/fbAQLP

exports[`should render LoginPage correctly 1`] = `
<div
  className="box-layout"
>
  <div
    className="box-layout__box"
  >
    <h1
      className="box-layout__title"
    >
      Expensify
    </h1>
    <p>
      It's time to get your expenses under control
    </p>
    <button
      className="button button--google"
      onClick={[Function]}
    >
      <FontAwesome
        name="google"
      />
       Login with Google
    </button>
    <button
      className="button button--twitter"
      onClick={[Function]}
    >
      <FontAwesome
        name="twitter"
      />
       Login with Twitter
    </button>
    <button
      className="button button--github"
      onClick={[Function]}
    >
      <FontAwesome
        name="github"
      />
       Login with GitHub
    </button>
  </div>
</div>
`;
